1. 00bdf3ecd168f7f918c0b37f7e7915f1, part_2/resources/packages/valid_1.data : COMPLETE
2. 00bdf3ecd168f7f918c0b37f7e7915f1, part_2/resources/packages/valid_2.data : COMPLETE
1. 00bdf3ecd168f7f918c0b37f7e7915f1, part_2/resources/packages/valid_1.data : COMPLETE