Connection established with peer
Already connected to peer
