Failed to load configuration: No such file or directory