c3ab19ffbb160f8d30dc793960205d2ff79db8dad3a5a2b96166fdbee344904e
faecf43a3236bda95e9058571a5b28c80ff09eb1c3e1d201cbf2aec952b68d9a
d2591f7fd6f9de1ee84c02fc9f698c283756988dbde4e22a16e418e4bd3fb725
d458178238265d76c2faf5400f7ec43438814f04afe6619567ccb906360a7815
0368605a5a02fcb57588fe7bd1e08781924156d119ef9c1dccff91708e453e38
6c3ba5704aa9f79c4920dd7599268c5a278a39807261ca5a30dcfe5a033b4448
24ccd3fe14fb8361ed280462e69e27be93c3da39a90ba01416a0c3c1255ea4c3
c6233cbfcd53444ecf27d53f1a1cf07f19fabc266a2ab7257414429386e57fa0
c46f5f6715e65880e49fbc51834e3a9a16ce3ed49d1c32fc22289e6ad9f92bd6
d715246132de88d92df3b9404eec6a4d37c0d90966323950ec7d5cd66908e812
e9fb14c0c93279ea67b014600a55e54e4264aa04cbfd017bf9815bb38127720e
b81abe1d8ed583d286784c7961af659f93cdd82604a3c9bf1bfbe4b2efb2bf62
adf3c84f9b2fd9a9e51b6d556007c5a2f649074dceaf0bc0acc34378cf73d6c5
92f9ee62c876a5d1ff4d2f61dbaf454c96911adf9ea6e80870f057e6201c1bfa
1bddf7b2483abe3d9af9d0564caad834cd0ba7817626b9b3732bf6e51e894e67
e03e4ebd1d3a3e800cd8c09436788907ab890b9fb4143d8d87d9d982c3eccb41