Max peers (-128) outside of permitted range (1 - 2048)