164af2435b45ae96e5f51c258f698a642c0b2927a246b15b975f117963d1c64d
40fd3d707f40e37bc4c6cfee574117ceeeb819980429a7a1073bba1c70b6f78c