d617b42e1b9ca2781f2f7ad64e62fc3aff7cabe133a4449a27d759b8b8ec1db7
84897087138e057ac02e69c16661425cd22d3a9b1b407b2f61b66573ca582845
399e5240336b33f58281c726106f20c00fdbba2631a7f9b692be25c9882a1266
2502f0783d6332b36b775a081328997b04866784e84c854042739016505f40e7
c892c470cbcc9e661824fdc8582fab0931c05046ca6166b32cb759c243915bbb
420995291bcc788156959d1516e9d4bb05b26d1cde57bd969f4c2d53e62ff3f9
103958ec46d46c70a29362e7e41f72340b9edbdb063346aff1adfdfc897cfd09
3ca1b26476744a883b3197aaa04e553e7c87b87f63476a2ac80b1c3a183ac1a6
0cb2b1bf9cc2198dc987ec65bb0aa939d2dd05e552519d7d958762508b306c98
190bd543731e9122f8be422387710cfe646040216e69e4484defe5e0cd534796
2edddaecc5059e40b54e893f0a197738230a015e00b4de3b462544631963f4a8
7d8308bcb5ceef99b8c32642be7e0ebb25ad4ecd6bdc5fefb113ba0268377880
df52d2f33694f5ea00bec393fad29e340dc1130d5d0fe1ba4776944adbcc42d8
20349d8b5ac746222cc2104e83b422935e345e8b0019213adf7dea0989b94234
c621e87d0b4b80c8e2ee01c7386ab33ca82c81b335fe2952d2f1d80ced2cc41c
e6f57f3830a5463a816a9ef343c2dd9ff4d53282459d942c2326e5d18af2d594
65a1a193f150de4166e3132f1edb77e07b15de5e368e9ec3dd9f45fe2abb07aa
e8f23fa8a41bf4d3fe337eff0b6e6bd54bf7277e9010bb95ecd4199ffcd6e97b
702b2a68ddea5d29cb3fe0a1a80189ca50eab29f4427ebb0002c5d8973c57f92
43996cc575d4aad804ea92ba28f211d157b545c922d689428beb37bab792e1df
a5de68ace533bc8e2d9ccc79b693d76b7349875b208d125bd13580b51beeb004
062f8f673892a6671d17cc8a12004b5caa380b9e6d2ea4d6bbc7e99b24b83e0d
67cbe6c40d72b42984675065a2fe0c27e522b4939be225fcbb9da84de6ed3d0a
36a7a745245fd57b4148c83cf67b211f2ac8ff08d702a0f87f0dabfdb140ae30
22482576645ee177beb7d43fe542b5d65f243afcd6a2e381934e1f13d00dc3ff
2dfad8fbfd7e3e49db275551b61ffbd3692d7760457d8dbf9984fb9536d82787
4c990a0ae24c09b5e253f0a04e9934557e116c197410bbbb4d2a690462007d07
e039f62113b787a152a7bdf90cc1c8fbf8140a063ba1f66c5e1674af430dbd1b
339d5a1e36954da5e4ec18773e19de93b7890139851b9de973a3af32c6c4bccb
0fd41e9a843b5a8d1f43068b1c2b203a96f85e3d66134505f82cae313328ab15
2ee88f55c7effd971f70205d3da2a082c17185b4d0c1e0c0ad3e3455132ec160
6f1df1c3bcd7f68a780d397ad6eb448a77a819d352d7ac0ea6c4b04dbfe3279c
119e3ab3f4cd718e3e00d2de840a61b0c5b3676cefa5427da851fb2820069f6d
15a6e08a26839d0730ca8d556ee39e6ce123cd35207c410ac59d7494b6b000d8
942f6c3624790a3c84efc9d231e685b1ba17d8526cf667e6485d22ae98b528e8
e50913d0bf08fc6f129e48f1846a72da5e90e34f965ea86b092a86e18c882a15
84afb2e3f2b9f3d9d35efd73ebf7400e2364e9a9e04bc789febcc0440c956d15
a51a009942aca1615dd5ab12ebbcf4e4b5eead116eeca023b814230bcb0a4a58
832231ac38d0e61e034cb85eb973f38025021ab8e049cc8b994f4cf4b798cb54
078f80d93fd2e3e743a6b69bbfec34f2f871da86a3f8936fe8d4287167449c48
451a0a3482bc49027263a22c642067b0e3bf41010cebece6b8635a1cf91fabd4
6344e8c6716e4c2d70d61347a63e36f79869a4203fc6413772616d5fde590982
c4f1abf83ccbe8758d8f662ff7192f92c198ec958b4bef44c2cbd5ce55e692eb
06299169447c923861d7a5e5fc77135711389ba62b1bf2c5fd96aaedd83811a8
55c437574c052551b7a33bcea14b7d47b4eaced3f90e1cce8c52d7a8fcaa264b
edba2365d63eabd33beed994f7c083b040740158dd1acd5781c325e09e45fb83
c5723651427a02aaba15432a53db56256a360c4882f669922c2a10dec5511147
02c8fae966d53b904af3216e11d55a34c99fe8659793714c4063eae673e1cfcc
e0733ea2325134bb62d8164aa64362aaa143949a575f96fb32d484364eed6230
7ec0d5d2158c1a0068b8b383f33ecac2104664cf10fb40e0cbcd8f1d752edf84
af9c2359ec229e490632272277c57b98a87859a478f3e3894ffc3f9a8c340a0a
fcbec7e8ca9e4988909f18349ab94531e6bef4621acc60f2f8736f91035d8a93
10f482aaff9de42d0785796e81a87285c2329e0944f8e7e233d1b707e745f738
d2077032fa9329fa241df4e63485a1984a7a1d875bfab9af40c1d1fbde926320
6f0444182ee2c64337a32a5ceff85435c7436902f7e5510c5cb020803488515b
a00093e3452b22efa4536bf553ffbaa21421c0a0de98199565a03f41fc72f755
4eafb15fc106679172bcaeaafb024fae2dc7a4a2996dc3b381b176758fa454fb
0b02e5329b6c39e7417ca4ebafc8480291b5a56ba21eb15d684e98ea5ec99f8d
2ff38393cf12d39d83c813cbff072d21b4deb50626a5ea8f4aade5f9d0c57128
9169a60fefa9a381912fb104988560ac4ca9bd1b936c625ec00bb4f4f52db59f
573b76091145cf9343d894f1755b99dd8d5c697a8a05e4d6f544172c258c5c4b
0613126d9cb85f0755a40a17a0d8c46aa996c02049ac9497e094afefd096661d
