Connection established with peer
Disconnected from peer
Not connected to any peers