d617b42e1b9ca2781f2f7ad64e62fc3aff7cabe133a4449a27d759b8b8ec1db7
6f1df1c3bcd7f68a780d397ad6eb448a77a819d352d7ac0ea6c4b04dbfe3279c