9543744427550d69bb5a6f42ede1f2612d79f11915cb276117de44087727e076
59c030cede65b7d79724300b764aa705fd17d7433d5a22808b1a5bbf3c505119
59c030cede65b7d79724300b764aa705fd17d7433d5a22808b1a5bbf3c505119
0c2869a58dad8fab828c91978c2ef30a9521d514c0027a8a1c50aeb491897c45
0c2869a58dad8fab828c91978c2ef30a9521d514c0027a8a1c50aeb491897c45
0c2869a58dad8fab828c91978c2ef30a9521d514c0027a8a1c50aeb491897c45
0c2869a58dad8fab828c91978c2ef30a9521d514c0027a8a1c50aeb491897c45
b78351effd31d6b4c8988b66c8bac93065111f93811e6f29e812efd14c2a7624
b78351effd31d6b4c8988b66c8bac93065111f93811e6f29e812efd14c2a7624
b78351effd31d6b4c8988b66c8bac93065111f93811e6f29e812efd14c2a7624
b78351effd31d6b4c8988b66c8bac93065111f93811e6f29e812efd14c2a7624
b78351effd31d6b4c8988b66c8bac93065111f93811e6f29e812efd14c2a7624
b78351effd31d6b4c8988b66c8bac93065111f93811e6f29e812efd14c2a7624
b78351effd31d6b4c8988b66c8bac93065111f93811e6f29e812efd14c2a7624
b78351effd31d6b4c8988b66c8bac93065111f93811e6f29e812efd14c2a7624
edd96fdf50b3fee4f6fedc45bdc7b63c1f8164dcf46836033c24b45b9c08bc79
edd96fdf50b3fee4f6fedc45bdc7b63c1f8164dcf46836033c24b45b9c08bc79
edd96fdf50b3fee4f6fedc45bdc7b63c1f8164dcf46836033c24b45b9c08bc79
edd96fdf50b3fee4f6fedc45bdc7b63c1f8164dcf46836033c24b45b9c08bc79
edd96fdf50b3fee4f6fedc45bdc7b63c1f8164dcf46836033c24b45b9c08bc79
edd96fdf50b3fee4f6fedc45bdc7b63c1f8164dcf46836033c24b45b9c08bc79
edd96fdf50b3fee4f6fedc45bdc7b63c1f8164dcf46836033c24b45b9c08bc79
edd96fdf50b3fee4f6fedc45bdc7b63c1f8164dcf46836033c24b45b9c08bc79
edd96fdf50b3fee4f6fedc45bdc7b63c1f8164dcf46836033c24b45b9c08bc79
edd96fdf50b3fee4f6fedc45bdc7b63c1f8164dcf46836033c24b45b9c08bc79
edd96fdf50b3fee4f6fedc45bdc7b63c1f8164dcf46836033c24b45b9c08bc79
edd96fdf50b3fee4f6fedc45bdc7b63c1f8164dcf46836033c24b45b9c08bc79
edd96fdf50b3fee4f6fedc45bdc7b63c1f8164dcf46836033c24b45b9c08bc79
edd96fdf50b3fee4f6fedc45bdc7b63c1f8164dcf46836033c24b45b9c08bc79
edd96fdf50b3fee4f6fedc45bdc7b63c1f8164dcf46836033c24b45b9c08bc79
edd96fdf50b3fee4f6fedc45bdc7b63c1f8164dcf46836033c24b45b9c08bc79